
> vite-react-typescript-starter@0.0.0 build
> vite build

[36mvite v5.4.8 [32mbuilding for production...[36m[39m
transforming...
[32mΓ£ô[39m 40 modules transformed.
node.exe : [31mx[39m 
Build failed in 2.17s
At C:\Program 
Files\nodejs\npm.ps1:29 
char:3
+   & $NODE_EXE 
$NPM_CLI_JS $args
+   ~~~~~~~~~~~~~~~~~~~~~~~
~~~~~~
    + CategoryInfo         
     : NotSpe    cified: 
([31mx    [39m Build 
faile    d in 2.17s:Strin  
  g) [], RemoteExc    
eption
    + FullyQualified    
ErrorId : Native    
CommandError
 
[31merror during build:
[31m[vite:css] [postcss] D
:/Store-To-Door-Frontend/St
ore-To-Door-Frontend/fronte
nd/src/index.css:53:5: The 
`shadow-[0_8px_30px_rgb(0,`
 class does not exist. If `
shadow-[0_8px_30px_rgb(0,` 
is a custom class, make 
sure it is defined within 
a `@layer` directive.[31m
file: [36mD:/Store-To-Door
-Frontend/Store-To-Door-Fro
ntend/frontend/src/index.cs
s:53:4[31m
    at Input.error (D:\Stor
e-To-Door-Frontend\Store-To
-Door-Frontend\frontend\nod
e_modules\postcss\lib\input
.js:106:16)
    at AtRule.error (D:\Sto
re-To-Door-Frontend\Store-T
o-Door-Frontend\frontend\no
de_modules\postcss\lib\node
.js:115:32)
    at processApply (D:\Sto
re-To-Door-Frontend\Store-T
o-Door-Frontend\frontend\no
de_modules\tailwindcss\lib\
lib\expandApplyAtRules.js:3
80:29)
    at D:\Store-To-Door-Fro
ntend\Store-To-Door-Fronten
d\frontend\node_modules\tai
lwindcss\lib\lib\expandAppl
yAtRules.js:551:9
    at D:\Store-To-Door-Fro
ntend\Store-To-Door-Fronten
d\frontend\node_modules\tai
lwindcss\lib\processTailwin
dFeatures.js:55:50
    at async plugins (D:\St
ore-To-Door-Frontend\Store-
To-Door-Frontend\frontend\n
ode_modules\tailwindcss\lib
\plugin.js:38:17)
    at async 
LazyResult.runAsync (D:\Sto
re-To-Door-Frontend\Store-T
o-Door-Frontend\frontend\no
de_modules\postcss\lib\lazy
-result.js:261:11)
    at async compileCSS (fi
le:///D:/Store-To-Door-Fron
tend/Store-To-Door-Frontend
/frontend/node_modules/vite
/dist/node/chunks/dep-CDnG8
rE7.js:36860:21)
    at async 
Object.transform (file:///D
:/Store-To-Door-Frontend/St
ore-To-Door-Frontend/fronte
nd/node_modules/vite/dist/n
ode/chunks/dep-CDnG8rE7.js:
36141:11)
    at async transform (fil
e:///D:/Store-To-Door-Front
end/Store-To-Door-Frontend/
frontend/node_modules/rollu
p/dist/es/shared/node-entry
.js:19581:16)[39m
